// Jest Snapshot v1, https://goo.gl/fbAQLP

exports[`Mole:assertions:assertType should assert a specific type 1`] = `
"
[context]: test@arg
[failure cause]: type must be Array
[actual value]: \\"a\\"
[actual value type]: String"
`;
